Archive member included because of file (symbol)

/Users/wes/gcc-arm-none-eabi-4_8-2014q1/bin/../lib/gcc/arm-none-eabi/4.8.3/../../../../arm-none-eabi/lib/armv6-m/libm.a(lib_a-s_cos.o)
                              bin/obj/magnetometers.o (cos)
/Users/wes/gcc-arm-none-eabi-4_8-2014q1/bin/../lib/gcc/arm-none-eabi/4.8.3/../../../../arm-none-eabi/lib/armv6-m/libm.a(lib_a-s_sin.o)
                              bin/obj/magnetometers.o (sin)
/Users/wes/gcc-arm-none-eabi-4_8-2014q1/bin/../lib/gcc/arm-none-eabi/4.8.3/../../../../arm-none-eabi/lib/armv6-m/libm.a(lib_a-w_atan2.o)
                              bin/obj/accelerometers.o (atan2)
/Users/wes/gcc-arm-none-eabi-4_8-2014q1/bin/../lib/gcc/arm-none-eabi/4.8.3/../../../../arm-none-eabi/lib/armv6-m/libm.a(lib_a-w_log10.o)
                              bin/obj/math_helper.o (log10)
/Users/wes/gcc-arm-none-eabi-4_8-2014q1/bin/../lib/gcc/arm-none-eabi/4.8.3/../../../../arm-none-eabi/lib/armv6-m/libm.a(lib_a-w_pow.o)
                              bin/obj/pressure.o (pow)
/Users/wes/gcc-arm-none-eabi-4_8-2014q1/bin/../lib/gcc/arm-none-eabi/4.8.3/../../../../arm-none-eabi/lib/armv6-m/libm.a(lib_a-w_sqrt.o)
                              bin/obj/accelerometers.o (sqrt)
/Users/wes/gcc-arm-none-eabi-4_8-2014q1/bin/../lib/gcc/arm-none-eabi/4.8.3/../../../../arm-none-eabi/lib/armv6-m/libm.a(lib_a-e_atan2.o)
                              /Users/wes/gcc-arm-none-eabi-4_8-2014q1/bin/../lib/gcc/arm-none-eabi/4.8.3/../../../../arm-none-eabi/lib/armv6-m/libm.a(lib_a-w_atan2.o) (__ieee754_atan2)
/Users/wes/gcc-arm-none-eabi-4_8-2014q1/bin/../lib/gcc/arm-none-eabi/4.8.3/../../../../arm-none-eabi/lib/armv6-m/libm.a(lib_a-e_log10.o)
                              /Users/wes/gcc-arm-none-eabi-4_8-2014q1/bin/../lib/gcc/arm-none-eabi/4.8.3/../../../../arm-none-eabi/lib/armv6-m/libm.a(lib_a-w_log10.o) (__ieee754_log10)
/Users/wes/gcc-arm-none-eabi-4_8-2014q1/bin/../lib/gcc/arm-none-eabi/4.8.3/../../../../arm-none-eabi/lib/armv6-m/libm.a(lib_a-e_pow.o)
                              /Users/wes/gcc-arm-none-eabi-4_8-2014q1/bin/../lib/gcc/arm-none-eabi/4.8.3/../../../../arm-none-eabi/lib/armv6-m/libm.a(lib_a-w_pow.o) (__ieee754_pow)
/Users/wes/gcc-arm-none-eabi-4_8-2014q1/bin/../lib/gcc/arm-none-eabi/4.8.3/../../../../arm-none-eabi/lib/armv6-m/libm.a(lib_a-e_rem_pio2.o)
                              /Users/wes/gcc-arm-none-eabi-4_8-2014q1/bin/../lib/gcc/arm-none-eabi/4.8.3/../../../../arm-none-eabi/lib/armv6-m/libm.a(lib_a-s_cos.o) (__ieee754_rem_pio2)
/Users/wes/gcc-arm-none-eabi-4_8-2014q1/bin/../lib/gcc/arm-none-eabi/4.8.3/../../../../arm-none-eabi/lib/armv6-m/libm.a(lib_a-e_sqrt.o)
                              /Users/wes/gcc-arm-none-eabi-4_8-2014q1/bin/../lib/gcc/arm-none-eabi/4.8.3/../../../../arm-none-eabi/lib/armv6-m/libm.a(lib_a-w_sqrt.o) (__ieee754_sqrt)
/Users/wes/gcc-arm-none-eabi-4_8-2014q1/bin/../lib/gcc/arm-none-eabi/4.8.3/../../../../arm-none-eabi/lib/armv6-m/libm.a(lib_a-k_cos.o)
                              /Users/wes/gcc-arm-none-eabi-4_8-2014q1/bin/../lib/gcc/arm-none-eabi/4.8.3/../../../../arm-none-eabi/lib/armv6-m/libm.a(lib_a-s_cos.o) (__kernel_cos)
/Users/wes/gcc-arm-none-eabi-4_8-2014q1/bin/../lib/gcc/arm-none-eabi/4.8.3/../../../../arm-none-eabi/lib/armv6-m/libm.a(lib_a-k_rem_pio2.o)
                              /Users/wes/gcc-arm-none-eabi-4_8-2014q1/bin/../lib/gcc/arm-none-eabi/4.8.3/../../../../arm-none-eabi/lib/armv6-m/libm.a(lib_a-e_rem_pio2.o) (__kernel_rem_pio2)
/Users/wes/gcc-arm-none-eabi-4_8-2014q1/bin/../lib/gcc/arm-none-eabi/4.8.3/../../../../arm-none-eabi/lib/armv6-m/libm.a(lib_a-k_sin.o)
                              /Users/wes/gcc-arm-none-eabi-4_8-2014q1/bin/../lib/gcc/arm-none-eabi/4.8.3/../../../../arm-none-eabi/lib/armv6-m/libm.a(lib_a-s_cos.o) (__kernel_sin)
/Users/wes/gcc-arm-none-eabi-4_8-2014q1/bin/../lib/gcc/arm-none-eabi/4.8.3/../../../../arm-none-eabi/lib/armv6-m/libm.a(lib_a-s_atan.o)
                              /Users/wes/gcc-arm-none-eabi-4_8-2014q1/bin/../lib/gcc/arm-none-eabi/4.8.3/../../../../arm-none-eabi/lib/armv6-m/libm.a(lib_a-e_atan2.o) (atan)
/Users/wes/gcc-arm-none-eabi-4_8-2014q1/bin/../lib/gcc/arm-none-eabi/4.8.3/../../../../arm-none-eabi/lib/armv6-m/libm.a(lib_a-s_fabs.o)
                              /Users/wes/gcc-arm-none-eabi-4_8-2014q1/bin/../lib/gcc/arm-none-eabi/4.8.3/../../../../arm-none-eabi/lib/armv6-m/libm.a(lib_a-e_atan2.o) (fabs)
/Users/wes/gcc-arm-none-eabi-4_8-2014q1/bin/../lib/gcc/arm-none-eabi/4.8.3/../../../../arm-none-eabi/lib/armv6-m/libm.a(lib_a-s_finite.o)
                              /Users/wes/gcc-arm-none-eabi-4_8-2014q1/bin/../lib/gcc/arm-none-eabi/4.8.3/../../../../arm-none-eabi/lib/armv6-m/libm.a(lib_a-w_pow.o) (finite)
/Users/wes/gcc-arm-none-eabi-4_8-2014q1/bin/../lib/gcc/arm-none-eabi/4.8.3/../../../../arm-none-eabi/lib/armv6-m/libm.a(lib_a-s_floor.o)
[...]
Memory Configuration

Name             Origin             Length             Attributes
irom             0x0000000000000000 0x0000000000020000 xr
isram            0x0000000010000000 0x0000000000002000 xrw
isramUsb         0x0000000020004000 0x0000000000000800 xrw
*default*        0x0000000000000000 0xffffffffffffffff

Linker script and memory map

LOAD ./cmsis/libs/libarm_cortexM0l_math.a
LOAD ./cmsis/libs/libRTX_CM0.a
LOAD /Users/wes/gcc-arm-none-eabi-4_8-2014q1/bin/../lib/gcc/arm-none-eabi/4.8.3/../../../../arm-none-eabi/lib/armv6-m/libm.a
LOAD bin/obj/startup_lpc11u_gnumake.o
LOAD bin/obj/system_LPC11Uxx.o
LOAD bin/obj/math_helper.o
LOAD bin/obj/RTX_hook.o
LOAD bin/obj/printf-retarget.o
LOAD bin/obj/board_lpcnfc.o
LOAD bin/obj/board_lpcxpresso1347.o
LOAD bin/obj/board_rf1ghzusb.o
LOAD bin/obj/board_rf1ghznode.o
LOAD bin/obj/board_lpcxpresso11u37.o
LOAD bin/obj/cli.o
LOAD bin/obj/commands.o
LOAD bin/obj/cmd_chibi_addr.o
LOAD bin/obj/cmd_chibi_tx.o
LOAD bin/obj/cmd_dbg_memrd.o
LOAD bin/obj/cmd_eeprom_read.o
LOAD bin/obj/cmd_eeprom_write.o
LOAD bin/obj/cmd_i2c_read.o
LOAD bin/obj/cmd_i2c_scan.o
LOAD bin/obj/cmd_i2c_write.o
LOAD bin/obj/cmd_nfc_mfc_ndef.o
LOAD bin/obj/cmd_nfc_mifareclassic_memdump.o
LOAD bin/obj/cmd_nfc_mifareclassic_valueblock.o
LOAD bin/obj/cmd_nfc_mifareultralight_memdump.o
LOAD bin/obj/cmd_rtc_read.o
LOAD bin/obj/cmd_rtc_write.o
LOAD bin/obj/cmd_sd_dir.o
LOAD bin/obj/cmd_sysinfo.o
LOAD bin/obj/cmd_wifi.o
LOAD bin/obj/adc.o
LOAD bin/obj/delay.o
LOAD bin/obj/debug.o
LOAD bin/obj/eeprom.o
LOAD bin/obj/fifo.o
LOAD bin/obj/gpio.o
LOAD bin/obj/i2c.o
LOAD bin/obj/iap.o
LOAD bin/obj/stdio.o
LOAD bin/obj/string.o
LOAD bin/obj/pmu.o
LOAD bin/obj/ssp0.o
LOAD bin/obj/ssp1.o
LOAD bin/obj/timer16.o
LOAD bin/obj/timer32.o
LOAD bin/obj/uart.o
LOAD bin/obj/uart_buf.o
LOAD bin/obj/descriptors.o
LOAD bin/obj/usb_cdc.o
LOAD bin/obj/usb_custom_class.o
LOAD bin/obj/usb_hid.o
LOAD bin/obj/usb_msc.o
LOAD bin/obj/usbd.o
LOAD bin/obj/timespan.o
LOAD bin/obj/smallfonts.o
LOAD bin/obj/ssd1306_i2c.o
LOAD bin/obj/aafonts.o
LOAD bin/obj/colors.o
LOAD bin/obj/drawing.o
LOAD bin/obj/fonts.o
LOAD bin/obj/theme.o
LOAD bin/obj/DejaVuSansCondensed14_AA2.o
LOAD bin/obj/DejaVuSansCondensedBold14_AA2.o
LOAD bin/obj/DejaVuSansMono10_AA2.o
LOAD bin/obj/DejaVuSansMono13_AA2.o
LOAD bin/obj/DejaVuSansMono14_AA2.o
LOAD bin/obj/FontCalibri18_AA2.o
LOAD bin/obj/FontCalibriBold18_AA2.o
LOAD bin/obj/FontCalibriItalic18_AA2.o
LOAD bin/obj/FontFranklinGothicBold99_Numbers_AA2.o
LOAD bin/obj/FontCalibri18_AA4.o
LOAD bin/obj/dejavusans9.o
LOAD bin/obj/dejavusansbold9.o
LOAD bin/obj/dejavusanscondensed9.o
LOAD bin/obj/dejavusansmono8.o
LOAD bin/obj/dejavusansmonobold8.o
LOAD bin/obj/veramono9.o
LOAD bin/obj/veramono11.o
LOAD bin/obj/veramonobold9.o
LOAD bin/obj/veramonobold11.o
LOAD bin/obj/verdana9.o
LOAD bin/obj/verdana14.o
LOAD bin/obj/verdanabold14.o
LOAD bin/obj/hx8340b.o
LOAD bin/obj/ht16k33.o
LOAD bin/obj/iir_f.o
LOAD bin/obj/iir_i.o
LOAD bin/obj/iir_u16.o
LOAD bin/obj/sma_f.o
LOAD bin/obj/sma_i.o
LOAD bin/obj/sma_u16.o
LOAD bin/obj/wma_f.o
LOAD bin/obj/wma_i.o
LOAD bin/obj/wma_u16.o
LOAD bin/obj/stepper.o
LOAD bin/obj/pca9685.o
LOAD bin/obj/chb.o
LOAD bin/obj/chb_buf.o
LOAD bin/obj/chb_drvr.o
LOAD bin/obj/chb_eeprom.o
LOAD bin/obj/chb_spi.o
LOAD bin/obj/messages.o
LOAD bin/obj/pn532.o
LOAD bin/obj/pn532_bus_i2c.o
LOAD bin/obj/pn532_bus_uart.o
LOAD bin/obj/pn532_config.o
LOAD bin/obj/pn532_gpio.o
LOAD bin/obj/pn532_mifare_classic.o
LOAD bin/obj/pn532_mifare_ultralight.o
LOAD bin/obj/pn532_ndef.o
LOAD bin/obj/pn532_ndef_cards.o
LOAD bin/obj/spi.o
LOAD bin/obj/wifi.o
LOAD bin/obj/cc3000_common.o
LOAD bin/obj/evnt_handler.o
LOAD bin/obj/hci.o
LOAD bin/obj/netapp.o
LOAD bin/obj/nvmem.o
LOAD bin/obj/security.o
LOAD bin/obj/socket.o
LOAD bin/obj/wlan.o
LOAD bin/obj/bget.o
LOAD bin/obj/pn532_mem.o
LOAD bin/obj/rtc.o
LOAD bin/obj/pcf2129.o
LOAD bin/obj/sensors.o
LOAD bin/obj/sensorpoll.o
LOAD bin/obj/accelerometers.o
LOAD bin/obj/adxl345.o
LOAD bin/obj/lis3dh.o
LOAD bin/obj/lsm303accel.o
LOAD bin/obj/l3gd20.o
LOAD bin/obj/tsl2561.o
LOAD bin/obj/magnetometers.o
LOAD bin/obj/lsm303mag.o
LOAD bin/obj/pressure.o
LOAD bin/obj/bmp085.o
LOAD bin/obj/mpl115a2.o
LOAD bin/obj/lm75b.o
LOAD bin/obj/logger.o
LOAD bin/obj/ff.o
LOAD bin/obj/mmc.o
LOAD bin/obj/localisation.o
LOAD bin/obj/protocol.o
LOAD bin/obj/protocol_cmd_led.o
LOAD bin/obj/protocol_cmd_sysinfo.o
LOAD bin/obj/erpc.o
LOAD bin/obj/../common/pb_decode.o
LOAD bin/obj/../common/pb_encode.o
LOAD bin/obj/../common/rpcproto.pb.o
LOAD ./cmsis/libs/libarm_cortexM0l_math.a
LOAD ./cmsis/libs/libRTX_CM0.a
LOAD /Users/wes/gcc-arm-none-eabi-4_8-2014q1/bin/../lib/gcc/arm-none-eabi/4.8.3/../../../../arm-none-eabi/lib/armv6-m/libm.a
START GROUP
LOAD /Users/wes/gcc-arm-none-eabi-4_8-2014q1/bin/../lib/gcc/arm-none-eabi/4.8.3/armv6-m/libgcc.a
LOAD /Users/wes/gcc-arm-none-eabi-4_8-2014q1/bin/../lib/gcc/arm-none-eabi/4.8.3/../../../../arm-none-eabi/lib/armv6-m/libc.a
END GROUP
                0x0000000010002000                __StackTop = (ORIGIN (isram) + 0x2000)

.text           0x0000000000000000     0x6dcc
                0x0000000000000000                __text_start = .
 FILL mask 0xff
 *(.isr_vector_table)
 .isr_vector_table
                0x0000000000000000       0xc0 bin/obj/startup_lpc11u_gnumake.o
                0x0000000000000000                Vectors
 *(.after_vectors*)
 .after_vectors
                0x00000000000000c0       0x58 bin/obj/startup_lpc11u_gnumake.o
                0x00000000000000c0                NMI_Handler
                0x00000000000000c2                HardFault_Handler
                0x00000000000000c4                SVC_Handler
                0x00000000000000c6                PendSV_Handler
                0x00000000000000c8                SysTick_Handler
                0x00000000000000ca                USBWakeup_IRQHandler
                0x00000000000000ca                FLEX_INT0_IRQHandler
                0x00000000000000ca                FLEX_INT2_IRQHandler
                0x00000000000000ca                USB_FIQHandler
                0x00000000000000ca                FLEX_INT5_IRQHandler
                0x00000000000000ca                ADC_IRQHandler
                0x00000000000000ca                SSP1_IRQHandler
                0x00000000000000ca                FLEX_INT3_IRQHandler
                0x00000000000000ca                BOD_IRQHandler
                0x00000000000000ca                WDT_IRQHandler
                0x00000000000000ca                GINT0_IRQHandler
                0x00000000000000ca                FLEX_INT4_IRQHandler
                0x00000000000000ca                FLEX_INT6_IRQHandler
                0x00000000000000ca                FMC_IRQHandler
                0x00000000000000ca                GINT1_IRQHandler
                0x00000000000000ca                FLEX_INT7_IRQHandler
                0x00000000000000ca                FLEX_INT1_IRQHandler
                0x00000000000000ca                IntDefaultHandler
                0x00000000000000ca                SSP0_IRQHandler
                0x00000000000000cc                Reset_Handler
 *(.text*)
 .text.SystemCoreClockUpdate
                0x0000000000000118       0x9c bin/obj/system_LPC11Uxx.o
                0x0000000000000118                SystemCoreClockUpdate
 .text.SystemInit
                0x00000000000001b4       0xd8 bin/obj/system_LPC11Uxx.o
                0x00000000000001b4                SystemInit
 .text.__putchar
                0x000000000000028c       0x24 bin/obj/printf-retarget.o
                0x000000000000028c                __putchar
 .text.puts     0x00000000000002b0       0x14 bin/obj/printf-retarget.o
                0x00000000000002b0                puts
 .text.boardInit
                0x00000000000002c4       0x44 bin/obj/board_lpcxpresso11u37.o
                0x00000000000002c4                boardInit
 .text.startup.main
                0x0000000000000308       0x16 bin/obj/board_lpcxpresso11u37.o
                0x0000000000000308                main
 *fill*         0x000000000000031e        0x2 
 .text.cliMenu  0x0000000000000320       0x18 bin/obj/cli.o
 .text.cmd_help
                0x0000000000000338       0x70 bin/obj/cli.o
                0x0000000000000338                cmd_help
 .text.cliParse
                0x00000000000003a8      0x138 bin/obj/cli.o
                0x00000000000003a8                cliParse
 .text.cliRx    0x00000000000004e0       0x78 bin/obj/cli.o
                0x00000000000004e0                cliRx
 .text.cliPoll  0x0000000000000558       0x22 bin/obj/cli.o
                0x0000000000000558                cliPoll
 *fill*         0x000000000000057a        0x2 
 .text.cliInit  0x000000000000057c       0x18 bin/obj/cli.o
                0x000000000000057c                cliInit
 .text.getNumber
                0x0000000000000594       0xec bin/obj/commands.o
                0x0000000000000594                getNumber
 .text.getNumberU32
                0x0000000000000680       0x16 bin/obj/commands.o
                0x0000000000000680                getNumberU32
 *fill*         0x0000000000000696        0x2 
 .text.cmd_dbg_memrd
                0x0000000000000698       0x98 bin/obj/cmd_dbg_memrd.o
                0x0000000000000698                cmd_dbg_memrd
 .text.cmd_eeprom_read
                0x0000000000000730       0x54 bin/obj/cmd_eeprom_read.o
                0x0000000000000730                cmd_eeprom_read
 .text.cmd_eeprom_write
                0x0000000000000784       0x8c bin/obj/cmd_eeprom_write.o
                0x0000000000000784                cmd_eeprom_write
 .text.cmd_i2cReadWrapper
                0x0000000000000810       0x64 bin/obj/cmd_i2c_read.o
                0x0000000000000810                cmd_i2cReadWrapper
 .text.cmd_i2c_read
                0x0000000000000874       0xc8 bin/obj/cmd_i2c_read.o
                0x0000000000000874                cmd_i2c_read
 .text.cmd_i2c_scan
                0x000000000000093c       0xb8 bin/obj/cmd_i2c_scan.o
                0x000000000000093c                cmd_i2c_scan
 .text.cmd_i2cWriteWrapper
                0x00000000000009f4       0x54 bin/obj/cmd_i2c_write.o
                0x00000000000009f4                cmd_i2cWriteWrapper
 .text.cmd_i2c_write
                0x0000000000000a48       0xe8 bin/obj/cmd_i2c_write.o
                0x0000000000000a48                cmd_i2c_write
 .text.cmd_sd_dir
                0x0000000000000b30      0x1d0 bin/obj/cmd_sd_dir.o
                0x0000000000000b30                cmd_sd_dir
 .text.cmd_sysinfo
                0x0000000000000d00      0x1ac bin/obj/cmd_sysinfo.o
                0x0000000000000d00                cmd_sysinfo
 .text.TIMER16_0_IRQHandler
                0x0000000000000eac       0x48 bin/obj/delay.o
                0x0000000000000eac                TIMER16_0_IRQHandler
 .text.delayInit
                0x0000000000000ef4       0x6c bin/obj/delay.o
                0x0000000000000ef4                delayInit
 .text.delay    0x0000000000000f60       0x30 bin/obj/delay.o
                0x0000000000000f60                delay
 .text.delayGetSecondsActive
                0x0000000000000f90       0x28 bin/obj/delay.o
                0x0000000000000f90                delayGetSecondsActive
 .text.writeEEPROM
                0x0000000000000fb8       0x3c bin/obj/eeprom.o
                0x0000000000000fb8                writeEEPROM
 .text.readEEPROM
                0x0000000000000ff4       0x3c bin/obj/eeprom.o
                0x0000000000000ff4                readEEPROM
 .text.fifo_read
                0x0000000000001030       0x80 bin/obj/fifo.o
                0x0000000000001030                fifo_read
 .text.fifo_readArray
                0x00000000000010b0       0x28 bin/obj/fifo.o
                0x00000000000010b0                fifo_readArray
 .text.fifo_write
                0x00000000000010d8       0x94 bin/obj/fifo.o
                0x00000000000010d8                fifo_write
 .text.fifo_clear
                0x000000000000116c       0x3c bin/obj/fifo.o
                0x000000000000116c                fifo_clear
 .text.GPIOInit
                0x00000000000011a8       0x1c bin/obj/gpio.o
                0x00000000000011a8                GPIOInit
 .text.GPIOGetPinValue
                0x00000000000011c4       0x36 bin/obj/gpio.o
                0x00000000000011c4                GPIOGetPinValue
 *fill*         0x00000000000011fa        0x2 
 .text.I2C_IRQHandler
                0x00000000000011fc      0x168 bin/obj/i2c.o
                0x00000000000011fc                I2C_IRQHandler
 .text.i2cInit  0x0000000000001364       0x98 bin/obj/i2c.o
                0x0000000000001364                i2cInit
 .text.i2cEngine
                0x00000000000013fc       0x68 bin/obj/i2c.o
                0x00000000000013fc                i2cEngine
 .text.i2cCheckAddress
                0x0000000000001464       0x3c bin/obj/i2c.o
                0x0000000000001464                i2cCheckAddress
 .text.iapReadUID
                0x00000000000014a0       0x40 bin/obj/iap.o
                0x00000000000014a0                iapReadUID
 .text.PutString
                0x00000000000014e0       0x2e bin/obj/stdio.o
                0x00000000000014e0                PutString
 .text.PutUnsignedInt
                0x000000000000150e       0x4c bin/obj/stdio.o
                0x000000000000150e                PutUnsignedInt
 .text.PutSignedInt
                0x000000000000155a       0x72 bin/obj/stdio.o
                0x000000000000155a                PutSignedInt
 .text.PutHexa  0x00000000000015cc       0x48 bin/obj/stdio.o
                0x00000000000015cc                PutHexa
 *fill*         0x0000000000001614        0x4 
 .text.PutFloat
                0x0000000000001618       0x98 bin/obj/stdio.o
                0x0000000000001618                PutFloat
 .text.PutFloatE
                0x00000000000016b0      0x138 bin/obj/stdio.o
                0x00000000000016b0                PutFloatE
 .text.PutFloatEE
                0x00000000000017e8      0x130 bin/obj/stdio.o
                0x00000000000017e8                PutFloatEE
 .text.vsnprintf
                0x0000000000001918      0x186 bin/obj/stdio.o
                0x0000000000001918                vsnprintf
 .text.vsprintf
                0x0000000000001a9e       0x10 bin/obj/stdio.o
                0x0000000000001a9e                vsprintf
 *fill*         0x0000000000001aae        0x2 
 .text.vprintf  0x0000000000001ab0       0x38 bin/obj/stdio.o
                0x0000000000001ab0                vprintf
 .text.printf   0x0000000000001ae8       0x18 bin/obj/stdio.o
                0x0000000000001ae8                printf
 .text.sprintf  0x0000000000001b00       0x18 bin/obj/stdio.o
                0x0000000000001b00                sprintf
 .text.memcpy   0x0000000000001b18       0x44 bin/obj/string.o
                0x0000000000001b18                memcpy
 .text.memset   0x0000000000001b5c       0x46 bin/obj/string.o
                0x0000000000001b5c                memset
 .text.strlen   0x0000000000001ba2       0x12 bin/obj/string.o
                0x0000000000001ba2                strlen
 .text.strncmp  0x0000000000001bb4       0x22 bin/obj/string.o
                0x0000000000001bb4                strncmp
 .text.strcmp   0x0000000000001bd6       0x1a bin/obj/string.o
                0x0000000000001bd6                strcmp
 .text.strtok_r
                0x0000000000001bf0       0x52 bin/obj/string.o
                0x0000000000001bf0                strtok_r
 *fill*         0x0000000000001c42        0x2 
 .text.strtok   0x0000000000001c44       0x10 bin/obj/string.o
                0x0000000000001c44                strtok
 .text.ssp0ClockSlow
                0x0000000000001c54       0x20 bin/obj/ssp0.o
                0x0000000000001c54                ssp0ClockSlow
 .text.ssp0ClockFast
                0x0000000000001c74       0x1c bin/obj/ssp0.o
                0x0000000000001c74                ssp0ClockFast
 .text.ssp0Init
                0x0000000000001c90       0x80 bin/obj/ssp0.o
                0x0000000000001c90                ssp0Init
 .text.ssp0Send
                0x0000000000001d10       0x30 bin/obj/ssp0.o
                0x0000000000001d10                ssp0Send
 .text.ssp0Receive
                0x0000000000001d40       0x28 bin/obj/ssp0.o
                0x0000000000001d40                ssp0Receive
 .text.TIMER32_0_IRQHandler
                0x0000000000001d68       0x68 bin/obj/timer32.o
                0x0000000000001d68                TIMER32_0_IRQHandler
 .text.TIMER32_1_IRQHandler
                0x0000000000001dd0       0x68 bin/obj/timer32.o
                0x0000000000001dd0                TIMER32_1_IRQHandler
 .text.UART_IRQHandler
                0x0000000000001e38       0x64 bin/obj/uart.o
                0x0000000000001e38                UART_IRQHandler
 .text.uartGetPCB
                0x0000000000001e9c        0x8 bin/obj/uart.o
                0x0000000000001e9c                uartGetPCB
 .text.uartRxBufferWrite
                0x0000000000001ea4       0x20 bin/obj/uart_buf.o
                0x0000000000001ea4                uartRxBufferWrite
 .text.CDC_SendBreak
                0x0000000000001ec4        0x4 bin/obj/usb_cdc.o
                0x0000000000001ec4                CDC_SendBreak
 .text.CDC_SetLineCoding
                0x0000000000001ec8       0x1c bin/obj/usb_cdc.o
                0x0000000000001ec8                CDC_SetLineCoding
 .text.CDC_BulkIn_Hdlr
                0x0000000000001ee4       0x40 bin/obj/usb_cdc.o
                0x0000000000001ee4                CDC_BulkIn_Hdlr
 .text.usb_cdc_recv_isr_default
                0x0000000000001f24        0x2 bin/obj/usb_cdc.o
                0x0000000000001f24                usb_cdc_recv_isr_default
                0x0000000000001f24                usb_cdc_recv_isr
 *fill*         0x0000000000001f26        0x2 
 .text.CDC_BulkOut_Hdlr
                0x0000000000001f28       0x4c bin/obj/usb_cdc.o
                0x0000000000001f28                CDC_BulkOut_Hdlr
 .text.usb_cdc_isConnected
                0x0000000000001f74        0xc bin/obj/usb_cdc.o
                0x0000000000001f74                usb_cdc_isConnected
 .text.usb_cdc_putc
                0x0000000000001f80       0x3c bin/obj/usb_cdc.o
                0x0000000000001f80                usb_cdc_putc
 .text.usb_cdc_getc
                0x0000000000001fbc       0x14 bin/obj/usb_cdc.o
                0x0000000000001fbc                usb_cdc_getc
 .text.usb_cdc_init
                0x0000000000001fd0       0xbc bin/obj/usb_cdc.o
                0x0000000000001fd0                usb_cdc_init
 .text.usb_cdc_configured
                0x000000000000208c       0x40 bin/obj/usb_cdc.o
                0x000000000000208c                usb_cdc_configured
 .text.endpoint_bulk_in_isr
                0x00000000000020cc       0x14 bin/obj/usb_custom_class.o
 .text.endpoint_bulk_out_isr
                0x00000000000020e0       0x44 bin/obj/usb_custom_class.o
 .text.usb_custom_init
                0x0000000000002124       0x3c bin/obj/usb_custom_class.o
                0x0000000000002124                usb_custom_init
 .text.usb_custom_configured
                0x0000000000002160       0x10 bin/obj/usb_custom_class.o
                0x0000000000002160                usb_custom_configured
 .text.HID_EpIn_Hdlr
                0x0000000000002170       0x68 bin/obj/usb_hid.o
                0x0000000000002170                HID_EpIn_Hdlr
 .text.HID_GetReport
                0x00000000000021d8       0x5c bin/obj/usb_hid.o
                0x00000000000021d8                HID_GetReport
 .text.HID_SetReport
                0x0000000000002234       0x34 bin/obj/usb_hid.o
                0x0000000000002234                HID_SetReport
 .text.HID_EpOut_Hdlr
                0x0000000000002268       0x38 bin/obj/usb_hid.o
                0x0000000000002268                HID_EpOut_Hdlr
 .text.usb_hid_init
                0x00000000000022a0       0x90 bin/obj/usb_hid.o
                0x00000000000022a0                usb_hid_init
 .text.usb_hid_configured
                0x0000000000002330       0x20 bin/obj/usb_hid.o
                0x0000000000002330                usb_hid_configured
 .text.USB_Reset_Event
                0x0000000000002350        0xc bin/obj/usbd.o
                0x0000000000002350                USB_Reset_Event
 .text.USB_Configure_Event
                0x000000000000235c       0x3c bin/obj/usbd.o
                0x000000000000235c                USB_Configure_Event
 .text.usb_isConfigured
                0x0000000000002398        0xc bin/obj/usbd.o
                0x0000000000002398                usb_isConfigured
 .text.usb_init
                0x00000000000023a4      0x1b8 bin/obj/usbd.o
                0x00000000000023a4                usb_init
 .text.USB_IRQHandler
                0x000000000000255c       0x1c bin/obj/usbd.o
                0x000000000000255c                USB_IRQHandler
 .text.TIMER16_1_IRQHandler
                0x0000000000002578       0x24 bin/obj/sensorpoll.o
                0x0000000000002578                TIMER16_1_IRQHandler
 .text.get_fileinfo
                0x000000000000259c       0x82 bin/obj/ff.o
 .text.move_window
                0x000000000000261e       0x72 bin/obj/ff.o
 .text.check_fs
                0x0000000000002690       0xa4 bin/obj/ff.o
 .text.validate
                0x0000000000002734       0x28 bin/obj/ff.o
 .text.get_fat  0x000000000000275c       0xde bin/obj/ff.o
                0x000000000000275c                get_fat
 .text.put_fat  0x000000000000283a       0xfa bin/obj/ff.o
                0x000000000000283a                put_fat
 .text.create_chain
                0x0000000000002934       0xa0 bin/obj/ff.o
 .text.clust2sect
                0x00000000000029d4       0x18 bin/obj/ff.o
                0x00000000000029d4                clust2sect
 .text.dir_seek
                0x00000000000029ec       0x86 bin/obj/ff.o
 .text.dir_next
                0x0000000000002a72       0xf4 bin/obj/ff.o
 *fill*         0x0000000000002b66        0x2 
 .text.follow_path
                0x0000000000002b68      0x1b0 bin/obj/ff.o
 .text.dir_read
                0x0000000000002d18       0x50 bin/obj/ff.o
 .text.chk_mounted
                0x0000000000002d68      0x30c bin/obj/ff.o
                0x0000000000002d68                chk_mounted
 .text.f_mount  0x0000000000003074       0x24 bin/obj/ff.o
                0x0000000000003074                f_mount
 .text.f_opendir
                0x0000000000003098       0x62 bin/obj/ff.o
                0x0000000000003098                f_opendir
 .text.f_readdir
                0x00000000000030fa       0x56 bin/obj/ff.o
                0x00000000000030fa                f_readdir
 .text.f_getfree
                0x0000000000003150       0xe8 bin/obj/ff.o
                0x0000000000003150                f_getfree
 .text.rcvr_spi
                0x0000000000003238       0x16 bin/obj/mmc.o
 *fill*         0x000000000000324e        0x2 
 .text.wait_ready
                0x0000000000003250       0x20 bin/obj/mmc.o
 .text.deselect
                0x0000000000003270       0x18 bin/obj/mmc.o
 .text.xmit_spi
                0x0000000000003288       0x12 bin/obj/mmc.o
 *fill*         0x000000000000329a        0x2 
 .text.rcvr_datablock
                0x000000000000329c       0x64 bin/obj/mmc.o
 .text.xmit_datablock.part.2
                0x0000000000003300       0x3a bin/obj/mmc.o
 *fill*         0x000000000000333a        0x2 
 .text.send_cmd
                0x000000000000333c       0x94 bin/obj/mmc.o
 .text.disk_initialize
                0x00000000000033d0      0x168 bin/obj/mmc.o
                0x00000000000033d0                disk_initialize
 .text.disk_status
                0x0000000000003538       0x14 bin/obj/mmc.o
                0x0000000000003538                disk_status
 .text.disk_read
                0x000000000000354c       0x88 bin/obj/mmc.o
                0x000000000000354c                disk_read
 .text.disk_write
                0x00000000000035d4       0xc0 bin/obj/mmc.o
                0x00000000000035d4                disk_write
 .text.disk_timerproc
                0x0000000000003694       0x68 bin/obj/mmc.o
                0x0000000000003694                disk_timerproc
 .text.localisation_GetString
                0x00000000000036fc       0x1c bin/obj/localisation.o
                0x00000000000036fc                localisation_GetString
 .text.erpc_task
                0x0000000000003718        0x2 bin/obj/erpc.o
                0x0000000000003718                erpc_task
 *fill*         0x000000000000371a        0x2 
 .text.usb_custom_received_isr
                0x000000000000371c       0x10 bin/obj/erpc.o
                0x000000000000371c                usb_custom_received_isr
 .text          0x000000000000372c       0x9c /Users/wes/gcc-arm-none-eabi-4_8-2014q1/bin/../lib/gcc/arm-none-eabi/4.8.3/armv6-m/libgcc.a(_udivsi3.o)
                0x000000000000372c                __udivsi3
                0x000000000000372c                __aeabi_uidiv
                0x00000000000037b4                __aeabi_uidivmod
 .text          0x00000000000037c8       0xc0 /Users/wes/gcc-arm-none-eabi-4_8-2014q1/bin/../lib/gcc/arm-none-eabi/4.8.3/armv6-m/libgcc.a(_divsi3.o)
                0x00000000000037c8                __aeabi_idiv
                0x00000000000037c8                __divsi3
                0x0000000000003874                __aeabi_idivmod
 .text          0x0000000000003888        0x4 /Users/wes/gcc-arm-none-eabi-4_8-2014q1/bin/../lib/gcc/arm-none-eabi/4.8.3/armv6-m/libgcc.a(_dvmd_tls.o)
                0x0000000000003888                __aeabi_ldiv0
                0x0000000000003888                __aeabi_idiv0
 .text          0x000000000000388c       0x7c /Users/wes/gcc-arm-none-eabi-4_8-2014q1/bin/../lib/gcc/arm-none-eabi/4.8.3/armv6-m/libgcc.a(_arm_cmpdf2.o)
                0x000000000000388c                __aeabi_cdrcmple
                0x000000000000389c                __aeabi_cdcmple
                0x000000000000389c                __aeabi_cdcmpeq
                0x00000000000038ac                __aeabi_dcmpeq
                0x00000000000038b8                __aeabi_dcmplt
                0x00000000000038cc                __aeabi_dcmple
                0x00000000000038e0                __aeabi_dcmpgt
                0x00000000000038f4                __aeabi_dcmpge
 .text          0x0000000000003908      0x638 /Users/wes/gcc-arm-none-eabi-4_8-2014q1/bin/../lib/gcc/arm-none-eabi/4.8.3/armv6-m/libgcc.a(adddf3.o)
                0x0000000000003908                __aeabi_dadd
 .text          0x0000000000003f40      0x648 /Users/wes/gcc-arm-none-eabi-4_8-2014q1/bin/../lib/gcc/arm-none-eabi/4.8.3/armv6-m/libgcc.a(divdf3.o)
                0x0000000000003f40                __aeabi_ddiv
 .text          0x0000000000004588       0x94 /Users/wes/gcc-arm-none-eabi-4_8-2014q1/bin/../lib/gcc/arm-none-eabi/4.8.3/armv6-m/libgcc.a(eqdf2.o)
                0x0000000000004588                __eqdf2
                0x0000000000004588                __nedf2
 .text          0x000000000000461c       0xfc /Users/wes/gcc-arm-none-eabi-4_8-2014q1/bin/../lib/gcc/arm-none-eabi/4.8.3/armv6-m/libgcc.a(gedf2.o)
                0x000000000000461c                __gtdf2
                0x000000000000461c                __gedf2
 .text          0x0000000000004718       0xfc /Users/wes/gcc-arm-none-eabi-4_8-2014q1/bin/../lib/gcc/arm-none-eabi/4.8.3/armv6-m/libgcc.a(ledf2.o)
                0x0000000000004718                __ltdf2
                0x0000000000004718                __ledf2
 .text          0x0000000000004814      0x520 /Users/wes/gcc-arm-none-eabi-4_8-2014q1/bin/../lib/gcc/arm-none-eabi/4.8.3/armv6-m/libgcc.a(muldf3.o)
                0x0000000000004814                __aeabi_dmul
 .text          0x0000000000004d34      0x654 /Users/wes/gcc-arm-none-eabi-4_8-2014q1/bin/../lib/gcc/arm-none-eabi/4.8.3/armv6-m/libgcc.a(subdf3.o)
                0x0000000000004d34                __aeabi_dsub
 .text          0x0000000000005388       0x68 /Users/wes/gcc-arm-none-eabi-4_8-2014q1/bin/../lib/gcc/arm-none-eabi/4.8.3/armv6-m/libgcc.a(fixdfsi.o)
                0x0000000000005388                __aeabi_d2iz
 .text          0x00000000000053f0       0x7c /Users/wes/gcc-arm-none-eabi-4_8-2014q1/bin/../lib/gcc/arm-none-eabi/4.8.3/armv6-m/libgcc.a(floatsidf.o)
                0x00000000000053f0                __aeabi_i2d
 .text          0x000000000000546c       0x3c /Users/wes/gcc-arm-none-eabi-4_8-2014q1/bin/../lib/gcc/arm-none-eabi/4.8.3/armv6-m/libgcc.a(_clzsi2.o)
                0x000000000000546c                __clzsi2
 .text          0x00000000000054a8      0x3b8 /Users/wes/gcc-arm-none-eabi-4_8-2014q1/bin/../lib/gcc/arm-none-eabi/4.8.3/armv6-m/libgcc.a(_divdi3.o)
                0x00000000000054a8                __divdi3
 .text          0x0000000000005860      0x384 /Users/wes/gcc-arm-none-eabi-4_8-2014q1/bin/../lib/gcc/arm-none-eabi/4.8.3/armv6-m/libgcc.a(_udivdi3.o)
                0x0000000000005860                __udivdi3
 *(.rodata .rodata.*)
 .rodata.CSWTCH.9
                0x0000000000005be4       0x3c bin/obj/system_LPC11Uxx.o
 .rodata.str1.1
                0x0000000000005c20      0x178 bin/obj/cli.o
                                        0x196 (size before relaxing)
 .rodata        0x0000000000005d98       0x17 bin/obj/commands.o
 .rodata.str1.1
                0x0000000000005daf        0x6 bin/obj/commands.o
                                          0xe (size before relaxing)
 .rodata.str1.1
                0x0000000000005db5        0xd bin/obj/cmd_dbg_memrd.o
                                         0x12 (size before relaxing)
 .rodata.str1.1
                0x0000000000005dc2       0x3b bin/obj/cmd_eeprom_read.o
                                         0x3e (size before relaxing)
 .rodata.str1.1
                0x0000000000005dfd       0x8a bin/obj/cmd_eeprom_write.o
                                         0xa8 (size before relaxing)
 .rodata.str1.1
                0x0000000000005e87       0x11 bin/obj/cmd_i2c_read.o
                                         0x24 (size before relaxing)
 .rodata.str1.1
                0x0000000000005e98       0x53 bin/obj/cmd_i2c_scan.o
                                         0x65 (size before relaxing)
 .rodata.str1.1
                0x0000000000005eeb       0x17 bin/obj/cmd_i2c_write.o
                                         0x2a (size before relaxing)
 .rodata.str1.1
                0x0000000000005f02       0x64 bin/obj/cmd_sd_dir.o
                                         0x74 (size before relaxing)
 .rodata.str1.1
                0x0000000000005f66       0xa4 bin/obj/cmd_sysinfo.o
                                         0xa7 (size before relaxing)
 .rodata.str1.1
                0x000000000000600a       0x2d bin/obj/stdio.o
 *fill*         0x0000000000006037        0x1 
 .rodata.HID_GenericReportDescriptor
                0x0000000000006038       0x20 bin/obj/descriptors.o
                0x0000000000006038                HID_GenericReportDescriptor
 .rodata.USB_FsConfigDescriptor
                0x0000000000006058       0x80 bin/obj/descriptors.o
                0x0000000000006058                USB_FsConfigDescriptor
 .rodata.USB_DeviceDescriptor
                0x00000000000060d8       0x14 bin/obj/descriptors.o
                0x00000000000060d8                USB_DeviceDescriptor
 .rodata        0x00000000000060ec       0x14 bin/obj/usbd.o
 .rodata.str1.1
                0x0000000000006100       0x35 bin/obj/usbd.o
 .rodata.str1.1
                0x0000000000006135        0xb bin/obj/ff.o
 .rodata.cvt.5599
                0x0000000000006140       0x80 bin/obj/ff.o
 .rodata.str1.1
                0x00000000000061c0      0xa77 bin/obj/localisation.o
                                        0xaa3 (size before relaxing)
 .rodata.str1.1
                0x0000000000006c37       0x10 bin/obj/erpc.o
 *fill*         0x0000000000006c47        0x1 
 .rodata        0x0000000000006c48       0x40 /Users/wes/gcc-arm-none-eabi-4_8-2014q1/bin/../lib/gcc/arm-none-eabi/4.8.3/armv6-m/libgcc.a(divdf3.o)
 .rodata        0x0000000000006c88       0x40 /Users/wes/gcc-arm-none-eabi-4_8-2014q1/bin/../lib/gcc/arm-none-eabi/4.8.3/armv6-m/libgcc.a(muldf3.o)
 .rodata._ctype_
                0x0000000000006cc8      0x104 /Users/wes/gcc-arm-none-eabi-4_8-2014q1/bin/../lib/gcc/arm-none-eabi/4.8.3/../../../../arm-none-eabi/lib/armv6-m/libc.a(lib_a-ctype_.o)
                0x0000000000006cc8                _ctype_
                0x0000000000006dcc                . = ALIGN (0x4)
                0x0000000000006dcc                __text_end = .

.glue_7         0x0000000000006dcc        0x0
 .glue_7        0x0000000000000000        0x0 linker stubs

.glue_7t        0x0000000000006dcc        0x0
 .glue_7t       0x0000000000000000        0x0 linker stubs

.vfp11_veneer   0x0000000000006dcc        0x0
 .vfp11_veneer  0x0000000000000000        0x0 linker stubs

.v4_bx          0x0000000000006dcc        0x0
 .v4_bx         0x0000000000000000        0x0 linker stubs

.iplt           0x0000000000006dcc        0x0
 .iplt          0x0000000000000000        0x0 bin/obj/startup_lpc11u_gnumake.o

.ARM.extab      0x0000000000006dcc        0x0
 *(.ARM.extab* .gnu.linkonce.armextab.*)
 .ARM.extab     0x0000000000006dcc        0x0 /Users/wes/gcc-arm-none-eabi-4_8-2014q1/bin/../lib/gcc/arm-none-eabi/4.8.3/armv6-m/libgcc.a(_divdi3.o)
 .ARM.extab     0x0000000000006dcc        0x0 /Users/wes/gcc-arm-none-eabi-4_8-2014q1/bin/../lib/gcc/arm-none-eabi/4.8.3/armv6-m/libgcc.a(_udivdi3.o)
                0x0000000000006dcc                __exidx_start = .

.ARM.exidx      0x0000000000006dcc        0x8
 *(.ARM.exidx* .gnu.linkonce.armexidx.*)
 .ARM.exidx     0x0000000000006dcc        0x8 /Users/wes/gcc-arm-none-eabi-4_8-2014q1/bin/../lib/gcc/arm-none-eabi/4.8.3/armv6-m/libgcc.a(_divdi3.o)
 .ARM.exidx     0x0000000000006dd4        0x0 /Users/wes/gcc-arm-none-eabi-4_8-2014q1/bin/../lib/gcc/arm-none-eabi/4.8.3/armv6-m/libgcc.a(_udivdi3.o)
                                          0x8 (size before relaxing)
                0x0000000000006dd4                __exidx_end = .

.rel.dyn        0x0000000000006dd4        0x0
 .rel.iplt      0x0000000000000000        0x0 bin/obj/startup_lpc11u_gnumake.o

.usb_ram        0x0000000020004000        0x0
 FILL mask 0xff
 *(USB_RAM)

.bss            0x0000000010000100      0x5f4
                0x0000000010000100                __bss_start = .
 *(.bss*)
 .bss.cli_buffer_ptr
                0x0000000010000100        0x4 bin/obj/cli.o
 .bss.cli_buffer
                0x0000000010000104      0x100 bin/obj/cli.o
 .bss.Fatfs     0x0000000010000204      0x230 bin/obj/cmd_sd_dir.o
 .bss.Finfo     0x0000000010000434       0x18 bin/obj/cmd_sd_dir.o
 .bss.delayRollovers
                0x000000001000044c        0x4 bin/obj/delay.o
                0x000000001000044c                delayRollovers
 .bss.delayTicks
                0x0000000010000450        0x4 bin/obj/delay.o
                0x0000000010000450                delayTicks
 .bss.fatTicks  0x0000000010000454        0x4 bin/obj/delay.o
                0x0000000010000454                fatTicks
 .bss.I2CMasterState
                0x0000000010000458        0x4 bin/obj/i2c.o
                0x0000000010000458                I2CMasterState
 .bss.I2CSlaveState
                0x000000001000045c        0x4 bin/obj/i2c.o
                0x000000001000045c                I2CSlaveState
 .bss.last.4093
                0x0000000010000460        0x4 bin/obj/string.o
 .bss.uart_pcb  0x0000000010000464      0x114 bin/obj/uart.o
 .bss.isConnected
                0x0000000010000578        0x1 bin/obj/usb_cdc.o
 .bss.line_coding
                0x0000000010000579        0x7 bin/obj/usb_cdc.o
 .bss.g_hCdc    0x0000000010000580        0x4 bin/obj/usb_cdc.o
 .bss.is_bulk_in_ready
                0x0000000010000584        0x1 bin/obj/usb_custom_class.o
 .bss.bGenericChanged
                0x0000000010000585        0x1 bin/obj/usb_hid.o
 .bss.isConfigured
                0x0000000010000586        0x1 bin/obj/usbd.o
 *fill*         0x0000000010000587        0x1 
 .bss.sensorpoll_counter
                0x0000000010000588        0x4 bin/obj/sensorpoll.o
                0x0000000010000588                sensorpoll_counter
 .bss.Fsid      0x000000001000058c        0x2 bin/obj/ff.o
 *fill*         0x000000001000058e        0x2 
 .bss.FatFs     0x0000000010000590        0x4 bin/obj/ff.o
 .bss.Timer1    0x0000000010000594        0x1 bin/obj/mmc.o
 .bss.Timer2    0x0000000010000595        0x1 bin/obj/mmc.o
 .bss.CardType  0x0000000010000596        0x1 bin/obj/mmc.o
 .bss.pv.5498   0x0000000010000597        0x1 bin/obj/mmc.o
 .bss._localisation_currentCulture
                0x0000000010000598        0x1 bin/obj/localisation.o
 rt_*.o(COMMON)
 *(COMMON)
 *fill*         0x0000000010000599        0x3 
 COMMON         0x000000001000059c       0x94 bin/obj/i2c.o
                0x000000001000059c                I2CReadLength
                0x00000000100005a0                I2CSlaveBuffer
                0x00000000100005e0                _I2cMode
                0x00000000100005e4                I2CMasterBuffer
                0x0000000010000624                I2CRdIndex
                0x0000000010000628                I2CWriteLength
                0x000000001000062c                I2CWrIndex
 COMMON         0x0000000010000630       0x80 bin/obj/usb_cdc.o
                0x0000000010000630                ff_cdc_tx_buffer
                0x0000000010000670                ff_cdc_rx_buffer
 COMMON         0x00000000100006b0       0x40 bin/obj/usb_hid.o
                0x00000000100006b0                hid_generic_report_in
 COMMON         0x00000000100006f0        0x4 bin/obj/usbd.o
                0x00000000100006f0                g_hUsb
 bin/obj/usbd.o(COMMON)
 *(.heap)
                0x00000000100006f4                __fixed_heap_end = .
 *(.stack)
                0x00000000100006f4                . = ALIGN (0x4)
                0x00000000100006f4                __bss_end = .
                0x00000000100006f4                PROVIDE (end, .)
                0x0000000000006dd4                __data_load_addr = LOADADDR (.data)

.data           0x00000000100006f4      0x484 load address 0x0000000000006dd4
 FILL mask 0xff
                0x00000000100006f4                __data_start = .
 *(.data*)
 .data.SystemCoreClock
                0x00000000100006f4        0x4 bin/obj/system_LPC11Uxx.o
                0x00000000100006f4                SystemCoreClock
 .data.cli_tbl  0x00000000100006f8       0xb4 bin/obj/cli.o
                0x00000000100006f8                cli_tbl
 .data.USB_StringDescriptor
                0x00000000100007ac       0x90 bin/obj/descriptors.o
                0x00000000100007ac                USB_StringDescriptor
 .data.ff_cdc_tx
                0x000000001000083c       0x10 bin/obj/usb_cdc.o
                0x000000001000083c                ff_cdc_tx
 .data.ff_cdc_rx
                0x000000001000084c       0x10 bin/obj/usb_cdc.o
                0x000000001000084c                ff_cdc_rx
 .data.usb_RomDriver_buffer
                0x000000001000085c        0x4 bin/obj/usbd.o
                0x000000001000085c                usb_RomDriver_buffer
 .data.Stat     0x0000000010000860        0x1 bin/obj/mmc.o
 *fill*         0x0000000010000861        0x3 
 .data.localised_strings
                0x0000000010000864      0x310 bin/obj/localisation.o
                0x0000000010000864                localised_strings
 .data.__ctype_ptr__
                0x0000000010000b74        0x4 /Users/wes/gcc-arm-none-eabi-4_8-2014q1/bin/../lib/gcc/arm-none-eabi/4.8.3/../../../../arm-none-eabi/lib/armv6-m/libc.a(lib_a-ctype_.o)
                0x0000000010000b74                __ctype_ptr__
                0x0000000010000b78                . = ALIGN (0x4)
                0x0000000010000b78                __data_end = .
                0x0000000010000b78                PROVIDE (_pvHeapStart, .)
OUTPUT(bin/firmware.elf elf32-littlearm)

.igot.plt       0x0000000010000b78        0x0 load address 0x0000000000007258
 .igot.plt      0x0000000000000000        0x0 bin/obj/startup_lpc11u_gnumake.o

.debug_info     0x0000000000000000    0x18980
 .debug_info    0x0000000000000000      0x1a7 bin/obj/startup_lpc11u_gnumake.o
 .debug_info    0x00000000000001a7      0x548 bin/obj/system_LPC11Uxx.o
 .debug_info    0x00000000000006ef      0x146 bin/obj/printf-retarget.o
 .debug_info    0x0000000000000835      0x70a bin/obj/board_lpcxpresso11u37.o
 .debug_info    0x0000000000000f3f      0x9b9 bin/obj/cli.o
 .debug_info    0x00000000000018f8      0x594 bin/obj/commands.o
 .debug_info    0x0000000000001e8c      0x4e7 bin/obj/cmd_dbg_memrd.o
 .debug_info    0x0000000000002373      0x370 bin/obj/cmd_eeprom_read.o
 .debug_info    0x00000000000026e3      0x3ac bin/obj/cmd_eeprom_write.o
 .debug_info    0x0000000000002a8f      0x74b bin/obj/cmd_i2c_read.o
 .debug_info    0x00000000000031da      0x561 bin/obj/cmd_i2c_scan.o
 .debug_info    0x000000000000373b      0x759 bin/obj/cmd_i2c_write.o
 .debug_info    0x0000000000003e94      0xadc bin/obj/cmd_sd_dir.o
 .debug_info    0x0000000000004970      0x8f5 bin/obj/cmd_sysinfo.o
 .debug_info    0x0000000000005265      0xa3a bin/obj/delay.o
 .debug_info    0x0000000000005c9f      0x551 bin/obj/eeprom.o
 .debug_info    0x00000000000061f0      0x795 bin/obj/fifo.o
 .debug_info    0x0000000000006985      0xdd6 bin/obj/gpio.o
 .debug_info    0x000000000000775b      0xcd9 bin/obj/i2c.o
 .debug_info    0x0000000000008434      0x394 bin/obj/iap.o
 .debug_info    0x00000000000087c8      0xcb7 bin/obj/stdio.o
 .debug_info    0x000000000000947f      0x55b bin/obj/string.o
 .debug_info    0x00000000000099da      0xb72 bin/obj/ssp0.o
 .debug_info    0x000000000000a54c      0xb25 bin/obj/timer32.o
 .debug_info    0x000000000000b071      0xddd bin/obj/uart.o
 .debug_info    0x000000000000be4e      0x2fd bin/obj/uart_buf.o
 .debug_info    0x000000000000c14b      0x82d bin/obj/descriptors.o
 .debug_info    0x000000000000c978     0x1c23 bin/obj/usb_cdc.o
 .debug_info    0x000000000000e59b     0x1686 bin/obj/usb_custom_class.o
 .debug_info    0x000000000000fc21     0x1d90 bin/obj/usb_hid.o
 .debug_info    0x00000000000119b1     0x2ab0 bin/obj/usbd.o
 .debug_info    0x0000000000014461      0x9ea bin/obj/sensorpoll.o
 .debug_info    0x0000000000014e4b     0x269d bin/obj/ff.o
 .debug_info    0x00000000000174e8      0xf8f bin/obj/mmc.o
 .debug_info    0x0000000000018477      0x3bc bin/obj/localisation.o
 .debug_info    0x0000000000018833      0x14d bin/obj/erpc.o

.debug_abbrev   0x0000000000000000     0x4490
 .debug_abbrev  0x0000000000000000       0xfd bin/obj/startup_lpc11u_gnumake.o
 .debug_abbrev  0x00000000000000fd      0x110 bin/obj/system_LPC11Uxx.o
 .debug_abbrev  0x000000000000020d       0xf3 bin/obj/printf-retarget.o
 .debug_abbrev  0x0000000000000300      0x26e bin/obj/board_lpcxpresso11u37.o
 .debug_abbrev  0x000000000000056e      0x219 bin/obj/cli.o
 .debug_abbrev  0x0000000000000787      0x176 bin/obj/commands.o
 .debug_abbrev  0x00000000000008fd      0x116 bin/obj/cmd_dbg_memrd.o
 .debug_abbrev  0x0000000000000a13       0xfb bin/obj/cmd_eeprom_read.o
 .debug_abbrev  0x0000000000000b0e       0xf8 bin/obj/cmd_eeprom_write.o
 .debug_abbrev  0x0000000000000c06      0x185 bin/obj/cmd_i2c_read.o
 .debug_abbrev  0x0000000000000d8b       0xed bin/obj/cmd_i2c_scan.o
 .debug_abbrev  0x0000000000000e78      0x189 bin/obj/cmd_i2c_write.o
 .debug_abbrev  0x0000000000001001      0x1c3 bin/obj/cmd_sd_dir.o
 .debug_abbrev  0x00000000000011c4      0x12e bin/obj/cmd_sysinfo.o
 .debug_abbrev  0x00000000000012f2      0x241 bin/obj/delay.o
 .debug_abbrev  0x0000000000001533      0x199 bin/obj/eeprom.o
 .debug_abbrev  0x00000000000016cc      0x281 bin/obj/fifo.o
 .debug_abbrev  0x000000000000194d      0x265 bin/obj/gpio.o
 .debug_abbrev  0x0000000000001bb2      0x24f bin/obj/i2c.o
 .debug_abbrev  0x0000000000001e01      0x159 bin/obj/iap.o
 .debug_abbrev  0x0000000000001f5a      0x2b3 bin/obj/stdio.o
 .debug_abbrev  0x000000000000220d      0x18a bin/obj/string.o
 .debug_abbrev  0x0000000000002397      0x1aa bin/obj/ssp0.o
 .debug_abbrev  0x0000000000002541      0x294 bin/obj/timer32.o
 .debug_abbrev  0x00000000000027d5      0x29b bin/obj/uart.o
 .debug_abbrev  0x0000000000002a70      0x125 bin/obj/uart_buf.o
 .debug_abbrev  0x0000000000002b95       0xdc bin/obj/descriptors.o
 .debug_abbrev  0x0000000000002c71      0x3c5 bin/obj/usb_cdc.o
 .debug_abbrev  0x0000000000003036      0x2cc bin/obj/usb_custom_class.o
 .debug_abbrev  0x0000000000003302      0x31f bin/obj/usb_hid.o
 .debug_abbrev  0x0000000000003621      0x316 bin/obj/usbd.o
 .debug_abbrev  0x0000000000003937      0x239 bin/obj/sensorpoll.o
 .debug_abbrev  0x0000000000003b70      0x3dd bin/obj/ff.o
 .debug_abbrev  0x0000000000003f4d      0x385 bin/obj/mmc.o
 .debug_abbrev  0x00000000000042d2       0xea bin/obj/localisation.o
 .debug_abbrev  0x00000000000043bc       0xd4 bin/obj/erpc.o

.debug_loc      0x0000000000000000     0x8280
 .debug_loc     0x0000000000000000       0xb1 bin/obj/startup_lpc11u_gnumake.o
 .debug_loc     0x00000000000000b1       0x57 bin/obj/system_LPC11Uxx.o
 .debug_loc     0x0000000000000108       0x3f bin/obj/printf-retarget.o
 .debug_loc     0x0000000000000147       0x14 bin/obj/board_lpcxpresso11u37.o
 .debug_loc     0x000000000000015b      0x1bc bin/obj/cli.o
 .debug_loc     0x0000000000000317      0x166 bin/obj/commands.o
 .debug_loc     0x000000000000047d       0xcd bin/obj/cmd_dbg_memrd.o
 .debug_loc     0x000000000000054a       0x60 bin/obj/cmd_eeprom_read.o
 .debug_loc     0x00000000000005aa       0x76 bin/obj/cmd_eeprom_write.o
 .debug_loc     0x0000000000000620      0x1e8 bin/obj/cmd_i2c_read.o
 .debug_loc     0x0000000000000808       0x99 bin/obj/cmd_i2c_scan.o
 .debug_loc     0x00000000000008a1      0x1d6 bin/obj/cmd_i2c_write.o
 .debug_loc     0x0000000000000a77       0xdb bin/obj/cmd_sd_dir.o
 .debug_loc     0x0000000000000b52       0x42 bin/obj/cmd_sysinfo.o
 .debug_loc     0x0000000000000b94       0x4f bin/obj/delay.o
 .debug_loc     0x0000000000000be3      0x14c bin/obj/eeprom.o
 .debug_loc     0x0000000000000d2f      0x36b bin/obj/fifo.o
 .debug_loc     0x000000000000109a      0x6a4 bin/obj/gpio.o
 .debug_loc     0x000000000000173e       0xff bin/obj/i2c.o
 .debug_loc     0x000000000000183d       0x2c bin/obj/iap.o
 .debug_loc     0x0000000000001869     0x1343 bin/obj/stdio.o
 .debug_loc     0x0000000000002bac      0x96f bin/obj/string.o
 .debug_loc     0x000000000000351b       0xb0 bin/obj/ssp0.o
 .debug_loc     0x00000000000035cb      0x1cc bin/obj/timer32.o
 .debug_loc     0x0000000000003797      0x124 bin/obj/uart.o
 .debug_loc     0x00000000000038bb       0xd9 bin/obj/uart_buf.o
 .debug_loc     0x0000000000003994      0x524 bin/obj/usb_cdc.o
 .debug_loc     0x0000000000003eb8      0x244 bin/obj/usb_custom_class.o
 .debug_loc     0x00000000000040fc      0x6db bin/obj/usb_hid.o
 .debug_loc     0x00000000000047d7      0x126 bin/obj/usbd.o
 .debug_loc     0x00000000000048fd     0x2e81 bin/obj/ff.o
 .debug_loc     0x000000000000777e      0xa9f bin/obj/mmc.o
 .debug_loc     0x000000000000821d       0x21 bin/obj/localisation.o
 .debug_loc     0x000000000000823e       0x42 bin/obj/erpc.o

.debug_aranges  0x0000000000000000      0x9d8
 .debug_aranges
                0x0000000000000000       0x50 bin/obj/startup_lpc11u_gnumake.o
 .debug_aranges
                0x0000000000000050       0x28 bin/obj/system_LPC11Uxx.o
 .debug_aranges
                0x0000000000000078       0x28 bin/obj/printf-retarget.o
 .debug_aranges
                0x00000000000000a0       0x48 bin/obj/board_lpcxpresso11u37.o
 .debug_aranges
                0x00000000000000e8       0x50 bin/obj/cli.o
 .debug_aranges
                0x0000000000000138       0x28 bin/obj/commands.o
 .debug_aranges
                0x0000000000000160       0x20 bin/obj/cmd_dbg_memrd.o
 .debug_aranges
                0x0000000000000180       0x20 bin/obj/cmd_eeprom_read.o
 .debug_aranges
                0x00000000000001a0       0x20 bin/obj/cmd_eeprom_write.o
 .debug_aranges
                0x00000000000001c0       0x28 bin/obj/cmd_i2c_read.o
 .debug_aranges
                0x00000000000001e8       0x20 bin/obj/cmd_i2c_scan.o
 .debug_aranges
                0x0000000000000208       0x28 bin/obj/cmd_i2c_write.o
 .debug_aranges
                0x0000000000000230       0x20 bin/obj/cmd_sd_dir.o
 .debug_aranges
                0x0000000000000250       0x20 bin/obj/cmd_sysinfo.o
 .debug_aranges
                0x0000000000000270       0x48 bin/obj/delay.o
 .debug_aranges
                0x00000000000002b8       0x30 bin/obj/eeprom.o
 .debug_aranges
                0x00000000000002e8       0x40 bin/obj/fifo.o
 .debug_aranges
                0x0000000000000328       0x68 bin/obj/gpio.o
 .debug_aranges
                0x0000000000000390       0x38 bin/obj/i2c.o
 .debug_aranges
                0x00000000000003c8       0x20 bin/obj/iap.o
 .debug_aranges
                0x00000000000003e8       0x88 bin/obj/stdio.o
 .debug_aranges
                0x0000000000000470       0x80 bin/obj/string.o
 .debug_aranges
                0x00000000000004f0       0x40 bin/obj/ssp0.o
 .debug_aranges
                0x0000000000000530       0x68 bin/obj/timer32.o
 .debug_aranges
                0x0000000000000598       0x40 bin/obj/uart.o
 .debug_aranges
                0x00000000000005d8       0x48 bin/obj/uart_buf.o
 .debug_aranges
                0x0000000000000620       0x18 bin/obj/descriptors.o
 .debug_aranges
                0x0000000000000638       0x78 bin/obj/usb_cdc.o
 .debug_aranges
                0x00000000000006b0       0x48 bin/obj/usb_custom_class.o
 .debug_aranges
                0x00000000000006f8       0x50 bin/obj/usb_hid.o
 .debug_aranges
                0x0000000000000748       0x40 bin/obj/usbd.o
 .debug_aranges
                0x0000000000000788       0x48 bin/obj/sensorpoll.o
 .debug_aranges
                0x00000000000007d0      0x130 bin/obj/ff.o
 .debug_aranges
                0x0000000000000900       0x80 bin/obj/mmc.o
 .debug_aranges
                0x0000000000000980       0x28 bin/obj/localisation.o
 .debug_aranges
                0x00000000000009a8       0x30 bin/obj/erpc.o

.debug_ranges   0x0000000000000000      0xa40
 .debug_ranges  0x0000000000000000       0x40 bin/obj/startup_lpc11u_gnumake.o
 .debug_ranges  0x0000000000000040       0x18 bin/obj/system_LPC11Uxx.o
 .debug_ranges  0x0000000000000058       0x18 bin/obj/printf-retarget.o
 .debug_ranges  0x0000000000000070       0x68 bin/obj/board_lpcxpresso11u37.o
 .debug_ranges  0x00000000000000d8       0x40 bin/obj/cli.o
 .debug_ranges  0x0000000000000118       0x30 bin/obj/commands.o
 .debug_ranges  0x0000000000000148       0x10 bin/obj/cmd_dbg_memrd.o
 .debug_ranges  0x0000000000000158       0x10 bin/obj/cmd_eeprom_read.o
 .debug_ranges  0x0000000000000168       0x10 bin/obj/cmd_eeprom_write.o
 .debug_ranges  0x0000000000000178       0x30 bin/obj/cmd_i2c_read.o
 .debug_ranges  0x00000000000001a8       0x10 bin/obj/cmd_i2c_scan.o
 .debug_ranges  0x00000000000001b8       0x30 bin/obj/cmd_i2c_write.o
 .debug_ranges  0x00000000000001e8       0x10 bin/obj/cmd_sd_dir.o
 .debug_ranges  0x00000000000001f8       0x10 bin/obj/cmd_sysinfo.o
 .debug_ranges  0x0000000000000208       0x68 bin/obj/delay.o
 .debug_ranges  0x0000000000000270       0x20 bin/obj/eeprom.o
 .debug_ranges  0x0000000000000290       0xa8 bin/obj/fifo.o
 .debug_ranges  0x0000000000000338       0x70 bin/obj/gpio.o
 .debug_ranges  0x00000000000003a8       0x40 bin/obj/i2c.o
 .debug_ranges  0x00000000000003e8       0x10 bin/obj/iap.o
 .debug_ranges  0x00000000000003f8       0xa8 bin/obj/stdio.o
 .debug_ranges  0x00000000000004a0       0x70 bin/obj/string.o
 .debug_ranges  0x0000000000000510       0x30 bin/obj/ssp0.o
 .debug_ranges  0x0000000000000540       0x70 bin/obj/timer32.o
 .debug_ranges  0x00000000000005b0       0x60 bin/obj/uart.o
 .debug_ranges  0x0000000000000610       0x38 bin/obj/uart_buf.o
 .debug_ranges  0x0000000000000648       0x68 bin/obj/usb_cdc.o
 .debug_ranges  0x00000000000006b0       0x50 bin/obj/usb_custom_class.o
 .debug_ranges  0x0000000000000700       0x40 bin/obj/usb_hid.o
 .debug_ranges  0x0000000000000740       0x50 bin/obj/usbd.o
 .debug_ranges  0x0000000000000790       0x58 bin/obj/sensorpoll.o
 .debug_ranges  0x00000000000007e8      0x1b0 bin/obj/ff.o
 .debug_ranges  0x0000000000000998       0x70 bin/obj/mmc.o
 .debug_ranges  0x0000000000000a08       0x18 bin/obj/localisation.o
 .debug_ranges  0x0000000000000a20       0x20 bin/obj/erpc.o

.debug_line     0x0000000000000000     0x503e
 .debug_line    0x0000000000000000       0x85 bin/obj/startup_lpc11u_gnumake.o
 .debug_line    0x0000000000000085      0x184 bin/obj/system_LPC11Uxx.o
 .debug_line    0x0000000000000209      0x147 bin/obj/printf-retarget.o
 .debug_line    0x0000000000000350      0x272 bin/obj/board_lpcxpresso11u37.o
 .debug_line    0x00000000000005c2      0x290 bin/obj/cli.o
 .debug_line    0x0000000000000852      0x1e2 bin/obj/commands.o
 .debug_line    0x0000000000000a34      0x166 bin/obj/cmd_dbg_memrd.o
 .debug_line    0x0000000000000b9a      0x14c bin/obj/cmd_eeprom_read.o
 .debug_line    0x0000000000000ce6      0x157 bin/obj/cmd_eeprom_write.o
 .debug_line    0x0000000000000e3d      0x1ae bin/obj/cmd_i2c_read.o
 .debug_line    0x0000000000000feb      0x14b bin/obj/cmd_i2c_scan.o
 .debug_line    0x0000000000001136      0x1b6 bin/obj/cmd_i2c_write.o
 .debug_line    0x00000000000012ec      0x19a bin/obj/cmd_sd_dir.o
 .debug_line    0x0000000000001486      0x1ca bin/obj/cmd_sysinfo.o
 .debug_line    0x0000000000001650      0x217 bin/obj/delay.o
 .debug_line    0x0000000000001867      0x1db bin/obj/eeprom.o
 .debug_line    0x0000000000001a42      0x2be bin/obj/fifo.o
 .debug_line    0x0000000000001d00      0x291 bin/obj/gpio.o
 .debug_line    0x0000000000001f91      0x1e6 bin/obj/i2c.o
 .debug_line    0x0000000000002177      0x192 bin/obj/iap.o
 .debug_line    0x0000000000002309      0x3a0 bin/obj/stdio.o
 .debug_line    0x00000000000026a9      0x26d bin/obj/string.o
 .debug_line    0x0000000000002916      0x188 bin/obj/ssp0.o
 .debug_line    0x0000000000002a9e      0x27a bin/obj/timer32.o
 .debug_line    0x0000000000002d18      0x255 bin/obj/uart.o
 .debug_line    0x0000000000002f6d      0x1e2 bin/obj/uart_buf.o
 .debug_line    0x000000000000314f      0x143 bin/obj/descriptors.o
 .debug_line    0x0000000000003292      0x3a2 bin/obj/usb_cdc.o
 .debug_line    0x0000000000003634      0x284 bin/obj/usb_custom_class.o
 .debug_line    0x00000000000038b8      0x33b bin/obj/usb_hid.o
 .debug_line    0x0000000000003bf3      0x3b8 bin/obj/usbd.o
 .debug_line    0x0000000000003fab      0x1c4 bin/obj/sensorpoll.o
 .debug_line    0x000000000000416f      0x949 bin/obj/ff.o
 .debug_line    0x0000000000004ab8      0x3fd bin/obj/mmc.o
 .debug_line    0x0000000000004eb5       0x79 bin/obj/localisation.o
 .debug_line    0x0000000000004f2e      0x110 bin/obj/erpc.o

.debug_str      0x0000000000000000     0x4f3f
 .debug_str     0x0000000000000000      0x226 bin/obj/startup_lpc11u_gnumake.o
                                        0x25f (size before relaxing)
 .debug_str     0x0000000000000226      0x2bb bin/obj/system_LPC11Uxx.o
                                        0x444 (size before relaxing)
 .debug_str     0x00000000000004e1       0x67 bin/obj/printf-retarget.o
                                        0x1e9 (size before relaxing)
 .debug_str     0x0000000000000548      0x6fe bin/obj/board_lpcxpresso11u37.o
                                        0x914 (size before relaxing)
 .debug_str     0x0000000000000c46      0xdf2 bin/obj/cli.o
                                        0xfc0 (size before relaxing)
 .debug_str     0x0000000000001a38       0x72 bin/obj/commands.o
                                        0xf50 (size before relaxing)
 .debug_str     0x0000000000001aaa       0x39 bin/obj/cmd_dbg_memrd.o
                                        0xf3a (size before relaxing)
 .debug_str     0x0000000000001ae3      0x5f7 bin/obj/cmd_eeprom_read.o
                                        0x7ca (size before relaxing)
 .debug_str     0x00000000000020da       0x47 bin/obj/cmd_eeprom_write.o
                                        0x7e1 (size before relaxing)
 .debug_str     0x0000000000002121       0x93 bin/obj/cmd_i2c_read.o
                                       0x1548 (size before relaxing)
 .debug_str     0x00000000000021b4       0x4b bin/obj/cmd_i2c_scan.o
                                        0xf29 (size before relaxing)
 .debug_str     0x00000000000021ff       0x43 bin/obj/cmd_i2c_write.o
                                       0x1536 (size before relaxing)
 .debug_str     0x0000000000002242      0x23e bin/obj/cmd_sd_dir.o
                                       0x1122 (size before relaxing)
 .debug_str     0x0000000000002480       0x46 bin/obj/cmd_sysinfo.o
                                       0x14eb (size before relaxing)
 .debug_str     0x00000000000024c6      0x34a bin/obj/delay.o
                                        0x777 (size before relaxing)
 .debug_str     0x0000000000002810       0x81 bin/obj/eeprom.o
                                        0x812 (size before relaxing)
 .debug_str     0x0000000000002891       0xfb bin/obj/fifo.o
                                        0x53a (size before relaxing)
 .debug_str     0x000000000000298c      0x179 bin/obj/gpio.o
                                        0x80a (size before relaxing)
 .debug_str     0x0000000000002b05      0x2cc bin/obj/i2c.o
                                        0x9a8 (size before relaxing)
 .debug_str     0x0000000000002dd1       0x23 bin/obj/iap.o
                                        0x7a3 (size before relaxing)
 .debug_str     0x0000000000002df4      0x100 bin/obj/stdio.o
                                        0x2c6 (size before relaxing)
 .debug_str     0x0000000000002ef4       0xeb bin/obj/string.o
                                        0x2ba (size before relaxing)
 .debug_str     0x0000000000002fdf       0x6d bin/obj/ssp0.o
                                        0x66e (size before relaxing)
 .debug_str     0x000000000000304c       0xe8 bin/obj/timer32.o
                                        0x770 (size before relaxing)
 .debug_str     0x0000000000003134      0x143 bin/obj/uart.o
                                        0x9da (size before relaxing)
 .debug_str     0x0000000000003277       0x75 bin/obj/uart_buf.o
                                        0x2d1 (size before relaxing)
 .debug_str     0x00000000000032ec      0x8cb bin/obj/descriptors.o
                                        0xbc1 (size before relaxing)
 .debug_str     0x0000000000003bb7      0xa28 bin/obj/usb_cdc.o
                                       0x16af (size before relaxing)
 .debug_str     0x00000000000045df       0xed bin/obj/usb_custom_class.o
                                       0x1392 (size before relaxing)
 .debug_str     0x00000000000046cc      0x31e bin/obj/usb_hid.o
                                       0x160e (size before relaxing)
 .debug_str     0x00000000000049ea       0x62 bin/obj/usbd.o
                                       0x267a (size before relaxing)
 .debug_str     0x0000000000004a4c       0xb5 bin/obj/sensorpoll.o
                                        0x772 (size before relaxing)
 .debug_str     0x0000000000004b01      0x2a2 bin/obj/ff.o
                                        0x686 (size before relaxing)
 .debug_str     0x0000000000004da3       0xb6 bin/obj/mmc.o
                                        0x3d9 (size before relaxing)
 .debug_str     0x0000000000004e59       0x9d bin/obj/localisation.o
                                        0xf39 (size before relaxing)
 .debug_str     0x0000000000004ef6       0x49 bin/obj/erpc.o
                                        0x1f5 (size before relaxing)

.comment        0x0000000000000000       0x70
 .comment       0x0000000000000000       0x70 bin/obj/startup_lpc11u_gnumake.o
                                         0x71 (size before relaxing)
 .comment       0x0000000000000000       0x71 bin/obj/system_LPC11Uxx.o
 .comment       0x0000000000000000       0x71 bin/obj/printf-retarget.o
 .comment       0x0000000000000000       0x71 bin/obj/board_lpcxpresso11u37.o
 .comment       0x0000000000000000       0x71 bin/obj/cli.o
 .comment       0x0000000000000000       0x71 bin/obj/commands.o
 .comment       0x0000000000000000       0x71 bin/obj/cmd_dbg_memrd.o
 .comment       0x0000000000000000       0x71 bin/obj/cmd_eeprom_read.o
 .comment       0x0000000000000000       0x71 bin/obj/cmd_eeprom_write.o
 .comment       0x0000000000000000       0x71 bin/obj/cmd_i2c_read.o
 .comment       0x0000000000000000       0x71 bin/obj/cmd_i2c_scan.o
 .comment       0x0000000000000000       0x71 bin/obj/cmd_i2c_write.o
 .comment       0x0000000000000000       0x71 bin/obj/cmd_sd_dir.o
 .comment       0x0000000000000000       0x71 bin/obj/cmd_sysinfo.o
 .comment       0x0000000000000000       0x71 bin/obj/delay.o
 .comment       0x0000000000000000       0x71 bin/obj/eeprom.o
 .comment       0x0000000000000000       0x71 bin/obj/fifo.o
 .comment       0x0000000000000000       0x71 bin/obj/gpio.o
 .comment       0x0000000000000000       0x71 bin/obj/i2c.o
 .comment       0x0000000000000000       0x71 bin/obj/iap.o
 .comment       0x0000000000000000       0x71 bin/obj/stdio.o
 .comment       0x0000000000000000       0x71 bin/obj/string.o
 .comment       0x0000000000000000       0x71 bin/obj/ssp0.o
 .comment       0x0000000000000000       0x71 bin/obj/timer32.o
 .comment       0x0000000000000000       0x71 bin/obj/uart.o
 .comment       0x0000000000000000       0x71 bin/obj/uart_buf.o
 .comment       0x0000000000000000       0x71 bin/obj/descriptors.o
 .comment       0x0000000000000000       0x71 bin/obj/usb_cdc.o
 .comment       0x0000000000000000       0x71 bin/obj/usb_custom_class.o
 .comment       0x0000000000000000       0x71 bin/obj/usb_hid.o
 .comment       0x0000000000000000       0x71 bin/obj/usbd.o
 .comment       0x0000000000000000       0x71 bin/obj/sensorpoll.o
 .comment       0x0000000000000000       0x71 bin/obj/ff.o
 .comment       0x0000000000000000       0x71 bin/obj/mmc.o
 .comment       0x0000000000000000       0x71 bin/obj/localisation.o
 .comment       0x0000000000000000       0x71 bin/obj/erpc.o

.ARM.attributes
                0x0000000000000000       0x31
 .ARM.attributes
                0x0000000000000000       0x31 bin/obj/startup_lpc11u_gnumake.o
 .ARM.attributes
                0x0000000000000031       0x31 bin/obj/system_LPC11Uxx.o
 .ARM.attributes
                0x0000000000000062       0x31 bin/obj/printf-retarget.o
 .ARM.attributes
                0x0000000000000093       0x31 bin/obj/board_lpcxpresso11u37.o
 .ARM.attributes
                0x00000000000000c4       0x31 bin/obj/cli.o
 .ARM.attributes
                0x00000000000000f5       0x31 bin/obj/commands.o
 .ARM.attributes
                0x0000000000000126       0x31 bin/obj/cmd_dbg_memrd.o
 .ARM.attributes
                0x0000000000000157       0x31 bin/obj/cmd_eeprom_read.o
 .ARM.attributes
                0x0000000000000188       0x31 bin/obj/cmd_eeprom_write.o
 .ARM.attributes
                0x00000000000001b9       0x31 bin/obj/cmd_i2c_read.o
 .ARM.attributes
                0x00000000000001ea       0x31 bin/obj/cmd_i2c_scan.o
 .ARM.attributes
                0x000000000000021b       0x31 bin/obj/cmd_i2c_write.o
 .ARM.attributes
                0x000000000000024c       0x31 bin/obj/cmd_sd_dir.o
 .ARM.attributes
                0x000000000000027d       0x31 bin/obj/cmd_sysinfo.o
 .ARM.attributes
                0x00000000000002ae       0x31 bin/obj/delay.o
 .ARM.attributes
                0x00000000000002df       0x31 bin/obj/eeprom.o
 .ARM.attributes
                0x0000000000000310       0x31 bin/obj/fifo.o
 .ARM.attributes
                0x0000000000000341       0x31 bin/obj/gpio.o
 .ARM.attributes
                0x0000000000000372       0x31 bin/obj/i2c.o
 .ARM.attributes
                0x00000000000003a3       0x31 bin/obj/iap.o
 .ARM.attributes
                0x00000000000003d4       0x31 bin/obj/stdio.o
 .ARM.attributes
                0x0000000000000405       0x31 bin/obj/string.o
 .ARM.attributes
                0x0000000000000436       0x31 bin/obj/ssp0.o
 .ARM.attributes
                0x0000000000000467       0x31 bin/obj/timer32.o
 .ARM.attributes
                0x0000000000000498       0x31 bin/obj/uart.o
 .ARM.attributes
                0x00000000000004c9       0x31 bin/obj/uart_buf.o
 .ARM.attributes
                0x00000000000004fa       0x31 bin/obj/descriptors.o
 .ARM.attributes
                0x000000000000052b       0x31 bin/obj/usb_cdc.o
 .ARM.attributes
                0x000000000000055c       0x31 bin/obj/usb_custom_class.o
 .ARM.attributes
                0x000000000000058d       0x31 bin/obj/usb_hid.o
 .ARM.attributes
                0x00000000000005be       0x31 bin/obj/usbd.o
 .ARM.attributes
                0x00000000000005ef       0x31 bin/obj/sensorpoll.o
 .ARM.attributes
                0x0000000000000620       0x31 bin/obj/ff.o
 .ARM.attributes
                0x0000000000000651       0x31 bin/obj/mmc.o
 .ARM.attributes
                0x0000000000000682       0x31 bin/obj/localisation.o
 .ARM.attributes
                0x00000000000006b3       0x31 bin/obj/erpc.o
 .ARM.attributes
                0x00000000000006e4       0x1e /Users/wes/gcc-arm-none-eabi-4_8-2014q1/bin/../lib/gcc/arm-none-eabi/4.8.3/armv6-m/libgcc.a(_udivsi3.o)
 .ARM.attributes
                0x0000000000000702       0x1e /Users/wes/gcc-arm-none-eabi-4_8-2014q1/bin/../lib/gcc/arm-none-eabi/4.8.3/armv6-m/libgcc.a(_divsi3.o)
 .ARM.attributes
                0x0000000000000720       0x1e /Users/wes/gcc-arm-none-eabi-4_8-2014q1/bin/../lib/gcc/arm-none-eabi/4.8.3/armv6-m/libgcc.a(_dvmd_tls.o)
 .ARM.attributes
                0x000000000000073e       0x1e /Users/wes/gcc-arm-none-eabi-4_8-2014q1/bin/../lib/gcc/arm-none-eabi/4.8.3/armv6-m/libgcc.a(_arm_cmpdf2.o)
 .ARM.attributes
                0x000000000000075c       0x2c /Users/wes/gcc-arm-none-eabi-4_8-2014q1/bin/../lib/gcc/arm-none-eabi/4.8.3/armv6-m/libgcc.a(adddf3.o)
 .ARM.attributes
                0x0000000000000788       0x2c /Users/wes/gcc-arm-none-eabi-4_8-2014q1/bin/../lib/gcc/arm-none-eabi/4.8.3/armv6-m/libgcc.a(divdf3.o)
 .ARM.attributes
                0x00000000000007b4       0x2c /Users/wes/gcc-arm-none-eabi-4_8-2014q1/bin/../lib/gcc/arm-none-eabi/4.8.3/armv6-m/libgcc.a(eqdf2.o)
 .ARM.attributes
                0x00000000000007e0       0x2c /Users/wes/gcc-arm-none-eabi-4_8-2014q1/bin/../lib/gcc/arm-none-eabi/4.8.3/armv6-m/libgcc.a(gedf2.o)
 .ARM.attributes
                0x000000000000080c       0x2c /Users/wes/gcc-arm-none-eabi-4_8-2014q1/bin/../lib/gcc/arm-none-eabi/4.8.3/armv6-m/libgcc.a(ledf2.o)
 .ARM.attributes
                0x0000000000000838       0x2c /Users/wes/gcc-arm-none-eabi-4_8-2014q1/bin/../lib/gcc/arm-none-eabi/4.8.3/armv6-m/libgcc.a(muldf3.o)
 .ARM.attributes
                0x0000000000000864       0x2c /Users/wes/gcc-arm-none-eabi-4_8-2014q1/bin/../lib/gcc/arm-none-eabi/4.8.3/armv6-m/libgcc.a(subdf3.o)
 .ARM.attributes
                0x0000000000000890       0x2c /Users/wes/gcc-arm-none-eabi-4_8-2014q1/bin/../lib/gcc/arm-none-eabi/4.8.3/armv6-m/libgcc.a(fixdfsi.o)
 .ARM.attributes
                0x00000000000008bc       0x2c /Users/wes/gcc-arm-none-eabi-4_8-2014q1/bin/../lib/gcc/arm-none-eabi/4.8.3/armv6-m/libgcc.a(floatsidf.o)
 .ARM.attributes
                0x00000000000008e8       0x1e /Users/wes/gcc-arm-none-eabi-4_8-2014q1/bin/../lib/gcc/arm-none-eabi/4.8.3/armv6-m/libgcc.a(_clzsi2.o)
 .ARM.attributes
                0x0000000000000906       0x2c /Users/wes/gcc-arm-none-eabi-4_8-2014q1/bin/../lib/gcc/arm-none-eabi/4.8.3/armv6-m/libgcc.a(_divdi3.o)
 .ARM.attributes
                0x0000000000000932       0x2c /Users/wes/gcc-arm-none-eabi-4_8-2014q1/bin/../lib/gcc/arm-none-eabi/4.8.3/armv6-m/libgcc.a(_udivdi3.o)
 .ARM.attributes
                0x000000000000095e       0x2c /Users/wes/gcc-arm-none-eabi-4_8-2014q1/bin/../lib/gcc/arm-none-eabi/4.8.3/../../../../arm-none-eabi/lib/armv6-m/libc.a(lib_a-ctype_.o)

.debug_frame    0x0000000000000000     0x195c
 .debug_frame   0x0000000000000000       0x88 bin/obj/startup_lpc11u_gnumake.o
 .debug_frame   0x0000000000000088       0x4c bin/obj/system_LPC11Uxx.o
 .debug_frame   0x00000000000000d4       0x40 bin/obj/printf-retarget.o
 .debug_frame   0x0000000000000114       0x84 bin/obj/board_lpcxpresso11u37.o
 .debug_frame   0x0000000000000198       0xd8 bin/obj/cli.o
 .debug_frame   0x0000000000000270       0x4c bin/obj/commands.o
 .debug_frame   0x00000000000002bc       0x2c bin/obj/cmd_dbg_memrd.o
 .debug_frame   0x00000000000002e8       0x2c bin/obj/cmd_eeprom_read.o
 .debug_frame   0x0000000000000314       0x2c bin/obj/cmd_eeprom_write.o
 .debug_frame   0x0000000000000340       0x4c bin/obj/cmd_i2c_read.o
 .debug_frame   0x000000000000038c       0x2c bin/obj/cmd_i2c_scan.o
 .debug_frame   0x00000000000003b8       0x48 bin/obj/cmd_i2c_write.o
 .debug_frame   0x0000000000000400       0x30 bin/obj/cmd_sd_dir.o
 .debug_frame   0x0000000000000430       0x30 bin/obj/cmd_sysinfo.o
 .debug_frame   0x0000000000000460       0x98 bin/obj/delay.o
 .debug_frame   0x00000000000004f8       0x60 bin/obj/eeprom.o
 .debug_frame   0x0000000000000558       0xa0 bin/obj/fifo.o
 .debug_frame   0x00000000000005f8       0xec bin/obj/gpio.o
 .debug_frame   0x00000000000006e4       0x6c bin/obj/i2c.o
 .debug_frame   0x0000000000000750       0x2c bin/obj/iap.o
 .debug_frame   0x000000000000077c      0x1bc bin/obj/stdio.o
 .debug_frame   0x0000000000000938      0x144 bin/obj/string.o
 .debug_frame   0x0000000000000a7c       0x78 bin/obj/ssp0.o
 .debug_frame   0x0000000000000af4       0xcc bin/obj/timer32.o
 .debug_frame   0x0000000000000bc0       0x80 bin/obj/uart.o
 .debug_frame   0x0000000000000c40       0xa4 bin/obj/uart_buf.o
 .debug_frame   0x0000000000000ce4      0x14c bin/obj/usb_cdc.o
 .debug_frame   0x0000000000000e30       0x9c bin/obj/usb_custom_class.o
 .debug_frame   0x0000000000000ecc       0xd8 bin/obj/usb_hid.o
 .debug_frame   0x0000000000000fa4       0x84 bin/obj/usbd.o
 .debug_frame   0x0000000000001028       0x80 bin/obj/sensorpoll.o
 .debug_frame   0x00000000000010a8      0x40c bin/obj/ff.o
 .debug_frame   0x00000000000014b4      0x17c bin/obj/mmc.o
 .debug_frame   0x0000000000001630       0x30 bin/obj/localisation.o
 .debug_frame   0x0000000000001660       0x48 bin/obj/erpc.o
 .debug_frame   0x00000000000016a8       0x20 /Users/wes/gcc-arm-none-eabi-4_8-2014q1/bin/../lib/gcc/arm-none-eabi/4.8.3/armv6-m/libgcc.a(_udivsi3.o)
 .debug_frame   0x00000000000016c8       0x20 /Users/wes/gcc-arm-none-eabi-4_8-2014q1/bin/../lib/gcc/arm-none-eabi/4.8.3/armv6-m/libgcc.a(_divsi3.o)
 .debug_frame   0x00000000000016e8       0x3c /Users/wes/gcc-arm-none-eabi-4_8-2014q1/bin/../lib/gcc/arm-none-eabi/4.8.3/armv6-m/libgcc.a(adddf3.o)
 .debug_frame   0x0000000000001724       0x3c /Users/wes/gcc-arm-none-eabi-4_8-2014q1/bin/../lib/gcc/arm-none-eabi/4.8.3/armv6-m/libgcc.a(divdf3.o)
 .debug_frame   0x0000000000001760       0x3c /Users/wes/gcc-arm-none-eabi-4_8-2014q1/bin/../lib/gcc/arm-none-eabi/4.8.3/armv6-m/libgcc.a(eqdf2.o)
 .debug_frame   0x000000000000179c       0x38 /Users/wes/gcc-arm-none-eabi-4_8-2014q1/bin/../lib/gcc/arm-none-eabi/4.8.3/armv6-m/libgcc.a(gedf2.o)
 .debug_frame   0x00000000000017d4       0x3c /Users/wes/gcc-arm-none-eabi-4_8-2014q1/bin/../lib/gcc/arm-none-eabi/4.8.3/armv6-m/libgcc.a(ledf2.o)
 .debug_frame   0x0000000000001810       0x3c /Users/wes/gcc-arm-none-eabi-4_8-2014q1/bin/../lib/gcc/arm-none-eabi/4.8.3/armv6-m/libgcc.a(muldf3.o)
 .debug_frame   0x000000000000184c       0x3c /Users/wes/gcc-arm-none-eabi-4_8-2014q1/bin/../lib/gcc/arm-none-eabi/4.8.3/armv6-m/libgcc.a(subdf3.o)
 .debug_frame   0x0000000000001888       0x2c /Users/wes/gcc-arm-none-eabi-4_8-2014q1/bin/../lib/gcc/arm-none-eabi/4.8.3/armv6-m/libgcc.a(fixdfsi.o)
 .debug_frame   0x00000000000018b4       0x30 /Users/wes/gcc-arm-none-eabi-4_8-2014q1/bin/../lib/gcc/arm-none-eabi/4.8.3/armv6-m/libgcc.a(floatsidf.o)
 .debug_frame   0x00000000000018e4       0x3c /Users/wes/gcc-arm-none-eabi-4_8-2014q1/bin/../lib/gcc/arm-none-eabi/4.8.3/armv6-m/libgcc.a(_divdi3.o)
 .debug_frame   0x0000000000001920       0x3c /Users/wes/gcc-arm-none-eabi-4_8-2014q1/bin/../lib/gcc/arm-none-eabi/4.8.3/armv6-m/libgcc.a(_udivdi3.o)
